To honour the JVM settings for this build a single-use Daemon process will be forked. For more on this, please refer to https://docs.gradle.org/8.11.1/userguide/gradle_daemon.html#sec:disabling_the_daemon in the Gradle documentation.
Daemon will be stopped at the end of the build 
> Task :core-model:checkKotlinGradlePluginConfigurationErrors SKIPPED
> Task :core-model:compileKotlin UP-TO-DATE
> Task :core-model:compileJava NO-SOURCE
> Task :core-model:processResources NO-SOURCE
> Task :core-model:classes UP-TO-DATE
> Task :core-model:jar UP-TO-DATE
> Task :core-model:compileTestKotlin UP-TO-DATE
> Task :core-model:compileTestJava NO-SOURCE
> Task :core-model:processTestResources NO-SOURCE
> Task :core-model:testClasses UP-TO-DATE
> Task :core-model:test UP-TO-DATE
> Task :app:checkKotlinGradlePluginConfigurationErrors SKIPPED
> Task :app:preBuild UP-TO-DATE
> Task :app:preDebugBuild UP-TO-DATE
> Task :core-playback:preBuild UP-TO-DATE
> Task :core-playback:preDebugBuild UP-TO-DATE
> Task :core-playback:writeDebugAarMetadata UP-TO-DATE
> Task :app:checkDebugAarMetadata UP-TO-DATE
> Task :app:generateDebugResValues UP-TO-DATE
> Task :core-playback:generateDebugResValues UP-TO-DATE
> Task :core-playback:generateDebugResources UP-TO-DATE
> Task :core-playback:packageDebugResources UP-TO-DATE
> Task :app:mapDebugSourceSetPaths UP-TO-DATE
> Task :app:generateDebugResources UP-TO-DATE
> Task :app:mergeDebugResources UP-TO-DATE
> Task :app:packageDebugResources UP-TO-DATE
> Task :app:parseDebugLocalResources UP-TO-DATE
> Task :app:createDebugCompatibleScreenManifests UP-TO-DATE
> Task :app:extractDeepLinksDebug UP-TO-DATE
> Task :core-playback:extractDeepLinksDebug UP-TO-DATE
> Task :core-playback:processDebugManifest UP-TO-DATE
> Task :app:processDebugMainManifest UP-TO-DATE
> Task :app:processDebugManifest UP-TO-DATE
> Task :app:processDebugManifestForPackage UP-TO-DATE
> Task :core-playback:compileDebugLibraryResources UP-TO-DATE
> Task :core-playback:parseDebugLocalResources UP-TO-DATE
> Task :core-playback:generateDebugRFile UP-TO-DATE
> Task :app:processDebugResources UP-TO-DATE
> Task :core-playback:checkKotlinGradlePluginConfigurationErrors SKIPPED
> Task :core-playback:compileDebugKotlin UP-TO-DATE
> Task :core-playback:javaPreCompileDebug UP-TO-DATE
> Task :core-playback:compileDebugJavaWithJavac NO-SOURCE
> Task :core-playback:bundleLibCompileToJarDebug UP-TO-DATE
> Task :app:javaPreCompileDebug UP-TO-DATE
> Task :app:preDebugUnitTestBuild UP-TO-DATE
> Task :app:javaPreCompileDebugUnitTest UP-TO-DATE
> Task :app:mergeDebugShaders UP-TO-DATE
> Task :app:compileDebugShaders NO-SOURCE
> Task :app:generateDebugAssets UP-TO-DATE
> Task :core-playback:mergeDebugShaders UP-TO-DATE
> Task :core-playback:compileDebugShaders NO-SOURCE
> Task :core-playback:generateDebugAssets UP-TO-DATE
> Task :core-playback:mergeDebugAssets UP-TO-DATE
> Task :app:mergeDebugAssets UP-TO-DATE
> Task :app:packageDebugUnitTestForUnitTest UP-TO-DATE
> Task :app:generateDebugUnitTestConfig UP-TO-DATE
> Task :core-playback:bundleLibRuntimeToJarDebug UP-TO-DATE
> Task :core-playback:processDebugJavaRes UP-TO-DATE
> Task :core-playback:mergeDebugJniLibFolders UP-TO-DATE
> Task :core-playback:mergeDebugNativeLibs NO-SOURCE
> Task :core-playback:stripDebugDebugSymbols NO-SOURCE
> Task :core-playback:copyDebugJniLibsProjectAndLocalJars UP-TO-DATE
> Task :core-playback:extractDebugAnnotations UP-TO-DATE
> Task :core-playback:extractDeepLinksForAarDebug UP-TO-DATE
> Task :core-playback:mergeDebugGeneratedProguardFiles UP-TO-DATE
> Task :core-playback:mergeDebugConsumerProguardFiles UP-TO-DATE
> Task :core-playback:prepareDebugArtProfile UP-TO-DATE
> Task :core-playback:prepareLintJarForPublish UP-TO-DATE
> Task :core-playback:mergeDebugJavaResource UP-TO-DATE
> Task :core-playback:syncDebugLibJars UP-TO-DATE
> Task :core-playback:bundleDebugLocalLintAar UP-TO-DATE
> Task :app:preDebugAndroidTestBuild SKIPPED
> Task :app:generateDebugAndroidTestResValues UP-TO-DATE
> Task :core-playback:createFullJarDebug UP-TO-DATE
> Task :core-playback:writeDebugLintModelMetadata UP-TO-DATE
> Task :app:extractProguardFiles UP-TO-DATE
> Task :core-playback:extractProguardFiles UP-TO-DATE
> Task :core-playback:generateDebugLintModel UP-TO-DATE
> Task :core-playback:lintAnalyzeDebug UP-TO-DATE
> Task :core-playback:preDebugAndroidTestBuild UP-TO-DATE
> Task :core-playback:generateDebugAndroidTestResValues UP-TO-DATE
> Task :core-playback:generateDebugAndroidTestLintModel UP-TO-DATE
> Task :core-playback:preDebugUnitTestBuild UP-TO-DATE
> Task :core-playback:generateDebugUnitTestLintModel UP-TO-DATE
> Task :core-playback:lintAnalyzeDebugAndroidTest UP-TO-DATE
> Task :core-playback:lintAnalyzeDebugUnitTest UP-TO-DATE
> Task :core-playback:generateDebugLintReportModel UP-TO-DATE
> Task :core-playback:lintReportDebug UP-TO-DATE
> Task :core-playback:lintDebug
> Task :app:mergeDebugNativeDebugMetadata NO-SOURCE
> Task :app:compressDebugAssets UP-TO-DATE
> Task :app:desugarDebugFileDependencies UP-TO-DATE
> Task :app:checkDebugDuplicateClasses UP-TO-DATE
> Task :app:mergeExtDexDebug UP-TO-DATE
> Task :core-playback:bundleLibRuntimeToDirDebug UP-TO-DATE
> Task :app:mergeLibDexDebug UP-TO-DATE
> Task :app:mergeDebugJniLibFolders UP-TO-DATE
> Task :core-playback:copyDebugJniLibsProjectOnly UP-TO-DATE
> Task :app:mergeDebugNativeLibs UP-TO-DATE
> Task :app:stripDebugDebugSymbols UP-TO-DATE
> Task :app:validateSigningDebug UP-TO-DATE
> Task :app:writeDebugAppMetadata UP-TO-DATE
> Task :app:writeDebugSigningConfigVersions UP-TO-DATE

> Task :app:compileDebugKotlin
w: file:///workspace/scratch/c53731def2fc/auralis/app/src/main/kotlin/app/auralis/extensions/WebEmbedScreen.kt:41:48 'var databaseEnabled: Boolean' is deprecated. Deprecated in Java.

> Task :app:compileDebugJavaWithJavac NO-SOURCE
> Task :app:bundleDebugClassesToCompileJar
> Task :app:bundleDebugClassesToRuntimeJar
> Task :app:processDebugJavaRes UP-TO-DATE
> Task :app:generateDebugAndroidTestLintModel
> Task :app:generateDebugLintReportModel
> Task :app:generateDebugUnitTestLintModel
> Task :app:compileDebugUnitTestKotlin
> Task :app:compileDebugUnitTestJavaWithJavac NO-SOURCE
> Task :app:processDebugUnitTestJavaRes UP-TO-DATE
> Task :app:testDebugUnitTest
> Task :app:lintAnalyzeDebugAndroidTest
> Task :app:lintAnalyzeDebugUnitTest
> Task :app:dexBuilderDebug
> Task :app:mergeDebugGlobalSynthetics UP-TO-DATE
> Task :app:mergeDebugJavaResource UP-TO-DATE
> Task :app:mergeProjectDexDebug
> Task :app:packageDebug
> Task :app:createDebugApkListingFileRedirect UP-TO-DATE
> Task :app:assembleDebug
> Task :app:lintAnalyzeDebug

> Task :app:lintReportDebug
Wrote HTML report to file:///workspace/scratch/c53731def2fc/auralis/app/build/reports/lint-results-debug.html

> Task :app:lintDebug
w: Detected multiple Kotlin daemon sessions at 

BUILD SUCCESSFUL in 1m 25s
99 actionable tasks: 17 executed, 82 up-to-date
