To honour the JVM settings for this build a single-use Daemon process will be forked. For more on this, please refer to https://docs.gradle.org/8.11.1/userguide/gradle_daemon.html#sec:disabling_the_daemon in the Gradle documentation.
Daemon will be stopped at the end of the build 
> Task :core-playback:preBuild UP-TO-DATE
> Task :core-playback:preDebugBuild UP-TO-DATE
> Task :core-playback:mergeDebugJniLibFolders UP-TO-DATE
> Task :core-playback:mergeDebugNativeLibs NO-SOURCE
> Task :core-playback:stripDebugDebugSymbols NO-SOURCE
> Task :core-playback:copyDebugJniLibsProjectAndLocalJars UP-TO-DATE
> Task :core-model:checkKotlinGradlePluginConfigurationErrors SKIPPED
> Task :core-model:compileKotlin UP-TO-DATE
> Task :core-model:compileJava NO-SOURCE
> Task :core-model:processResources NO-SOURCE
> Task :core-model:classes UP-TO-DATE
> Task :core-model:jar UP-TO-DATE
> Task :core-playback:checkKotlinGradlePluginConfigurationErrors SKIPPED
> Task :core-playback:generateDebugResValues UP-TO-DATE
> Task :core-playback:generateDebugResources UP-TO-DATE
> Task :core-playback:packageDebugResources UP-TO-DATE
> Task :core-playback:parseDebugLocalResources UP-TO-DATE
> Task :core-playback:generateDebugRFile UP-TO-DATE
> Task :core-playback:compileDebugKotlin UP-TO-DATE
> Task :core-playback:extractDebugAnnotations UP-TO-DATE
> Task :core-playback:extractDeepLinksForAarDebug UP-TO-DATE
> Task :core-playback:mergeDebugShaders UP-TO-DATE
> Task :core-playback:compileDebugShaders NO-SOURCE
> Task :core-playback:generateDebugAssets UP-TO-DATE
> Task :core-playback:mergeDebugAssets UP-TO-DATE
> Task :core-playback:javaPreCompileDebug UP-TO-DATE
> Task :core-playback:compileDebugJavaWithJavac NO-SOURCE
> Task :core-playback:mergeDebugGeneratedProguardFiles UP-TO-DATE
> Task :core-playback:mergeDebugConsumerProguardFiles UP-TO-DATE
> Task :core-playback:prepareDebugArtProfile UP-TO-DATE
> Task :core-playback:prepareLintJarForPublish UP-TO-DATE
> Task :core-playback:processDebugManifest UP-TO-DATE
> Task :core-playback:processDebugJavaRes UP-TO-DATE
> Task :core-playback:mergeDebugJavaResource UP-TO-DATE
> Task :core-playback:syncDebugLibJars UP-TO-DATE
> Task :core-playback:writeDebugAarMetadata UP-TO-DATE
> Task :core-playback:bundleDebugLocalLintAar UP-TO-DATE
> Task :app:checkKotlinGradlePluginConfigurationErrors SKIPPED
> Task :app:preBuild UP-TO-DATE
> Task :app:preDebugBuild UP-TO-DATE
> Task :app:checkDebugAarMetadata UP-TO-DATE
> Task :app:generateDebugResValues UP-TO-DATE
> Task :app:mapDebugSourceSetPaths UP-TO-DATE
> Task :app:generateDebugResources UP-TO-DATE
> Task :app:mergeDebugResources UP-TO-DATE
> Task :app:packageDebugResources UP-TO-DATE
> Task :app:parseDebugLocalResources UP-TO-DATE
> Task :app:createDebugCompatibleScreenManifests UP-TO-DATE
> Task :app:extractDeepLinksDebug UP-TO-DATE
> Task :core-playback:extractDeepLinksDebug UP-TO-DATE
> Task :app:processDebugMainManifest UP-TO-DATE
> Task :app:processDebugManifest UP-TO-DATE
> Task :app:processDebugManifestForPackage UP-TO-DATE
> Task :core-playback:compileDebugLibraryResources UP-TO-DATE
> Task :app:processDebugResources UP-TO-DATE
> Task :core-playback:bundleLibCompileToJarDebug UP-TO-DATE
> Task :app:compileDebugKotlin UP-TO-DATE
> Task :app:javaPreCompileDebug UP-TO-DATE
> Task :app:compileDebugJavaWithJavac NO-SOURCE
> Task :app:bundleDebugClassesToCompileJar UP-TO-DATE
> Task :app:preDebugAndroidTestBuild SKIPPED
> Task :app:generateDebugAndroidTestResValues UP-TO-DATE
> Task :core-playback:bundleLibRuntimeToJarDebug UP-TO-DATE
> Task :core-playback:createFullJarDebug UP-TO-DATE
> Task :core-playback:writeDebugLintModelMetadata UP-TO-DATE
> Task :app:generateDebugAndroidTestLintModel UP-TO-DATE
> Task :app:extractProguardFiles UP-TO-DATE
> Task :core-playback:extractProguardFiles UP-TO-DATE
> Task :core-playback:generateDebugLintModel UP-TO-DATE
> Task :app:generateDebugLintReportModel UP-TO-DATE
> Task :app:preDebugUnitTestBuild UP-TO-DATE
> Task :app:generateDebugUnitTestLintModel UP-TO-DATE
> Task :app:lintAnalyzeDebugAndroidTest
> Task :app:lintAnalyzeDebugUnitTest
> Task :core-playback:preDebugAndroidTestBuild UP-TO-DATE
> Task :core-playback:generateDebugAndroidTestResValues UP-TO-DATE
> Task :core-playback:generateDebugAndroidTestLintModel UP-TO-DATE
> Task :core-playback:preDebugUnitTestBuild UP-TO-DATE
> Task :core-playback:generateDebugUnitTestLintModel UP-TO-DATE
> Task :core-playback:lintAnalyzeDebugAndroidTest
> Task :core-playback:lintAnalyzeDebugUnitTest
> Task :app:mergeDebugNativeDebugMetadata NO-SOURCE
> Task :app:mergeDebugShaders UP-TO-DATE
> Task :app:compileDebugShaders NO-SOURCE
> Task :app:generateDebugAssets UP-TO-DATE
> Task :app:mergeDebugAssets UP-TO-DATE
> Task :app:compressDebugAssets UP-TO-DATE
> Task :app:desugarDebugFileDependencies UP-TO-DATE
> Task :app:dexBuilderDebug UP-TO-DATE
> Task :core-playback:lintAnalyzeDebug
> Task :app:mergeDebugGlobalSynthetics UP-TO-DATE
> Task :app:processDebugJavaRes UP-TO-DATE
> Task :app:mergeDebugJavaResource UP-TO-DATE
> Task :app:checkDebugDuplicateClasses UP-TO-DATE
> Task :app:mergeExtDexDebug UP-TO-DATE
> Task :core-playback:bundleLibRuntimeToDirDebug UP-TO-DATE
> Task :app:mergeLibDexDebug UP-TO-DATE
> Task :app:mergeProjectDexDebug UP-TO-DATE
> Task :app:mergeDebugJniLibFolders UP-TO-DATE
> Task :core-playback:copyDebugJniLibsProjectOnly UP-TO-DATE
> Task :app:mergeDebugNativeLibs
> Task :app:stripDebugDebugSymbols UP-TO-DATE
> Task :app:validateSigningDebug UP-TO-DATE
> Task :app:writeDebugAppMetadata UP-TO-DATE
> Task :app:writeDebugSigningConfigVersions UP-TO-DATE
> Task :app:packageDebug UP-TO-DATE
> Task :app:createDebugApkListingFileRedirect UP-TO-DATE
> Task :app:assembleDebug UP-TO-DATE
> Task :app:lintAnalyzeDebug

> Task :app:lintReportDebug
Wrote HTML report to file:///workspace/scratch/c53731def2fc/auralis/app/build/reports/lint-results-debug.html

> Task :app:lintDebug

BUILD SUCCESSFUL in 1m 27s
87 actionable tasks: 9 executed, 78 up-to-date
