To honour the JVM settings for this build a single-use Daemon process will be forked. For more on this, please refer to https://docs.gradle.org/8.11.1/userguide/gradle_daemon.html#sec:disabling_the_daemon in the Gradle documentation.
Daemon will be stopped at the end of the build 
> Task :core-model:checkKotlinGradlePluginConfigurationErrors SKIPPED
> Task :core-model:compileKotlin UP-TO-DATE
> Task :core-model:compileJava NO-SOURCE
> Task :core-model:processResources NO-SOURCE
> Task :core-model:classes UP-TO-DATE
> Task :core-model:jar UP-TO-DATE
> Task :core-model:compileTestKotlin UP-TO-DATE
> Task :core-model:compileTestJava NO-SOURCE
> Task :core-model:processTestResources NO-SOURCE
> Task :core-model:testClasses UP-TO-DATE
> Task :core-model:test UP-TO-DATE
> Task :app:checkKotlinGradlePluginConfigurationErrors SKIPPED
> Task :app:preBuild UP-TO-DATE
> Task :app:preDebugBuild UP-TO-DATE
> Task :core-playback:preBuild UP-TO-DATE
> Task :core-playback:preDebugBuild UP-TO-DATE
> Task :core-playback:writeDebugAarMetadata UP-TO-DATE
> Task :app:checkDebugAarMetadata UP-TO-DATE
> Task :app:generateDebugResValues UP-TO-DATE
> Task :core-playback:generateDebugResValues UP-TO-DATE
> Task :core-playback:generateDebugResources UP-TO-DATE
> Task :core-playback:packageDebugResources UP-TO-DATE
> Task :app:mapDebugSourceSetPaths UP-TO-DATE
> Task :app:generateDebugResources UP-TO-DATE
> Task :app:mergeDebugResources UP-TO-DATE
> Task :app:packageDebugResources UP-TO-DATE
> Task :app:parseDebugLocalResources UP-TO-DATE
> Task :app:createDebugCompatibleScreenManifests UP-TO-DATE
> Task :app:extractDeepLinksDebug UP-TO-DATE
> Task :core-playback:extractDeepLinksDebug UP-TO-DATE
> Task :core-playback:processDebugManifest UP-TO-DATE
> Task :app:processDebugMainManifest UP-TO-DATE
> Task :app:processDebugManifest UP-TO-DATE
> Task :app:processDebugManifestForPackage UP-TO-DATE
> Task :core-playback:compileDebugLibraryResources UP-TO-DATE
> Task :core-playback:parseDebugLocalResources UP-TO-DATE
> Task :core-playback:generateDebugRFile UP-TO-DATE
> Task :app:processDebugResources UP-TO-DATE
> Task :core-playback:checkKotlinGradlePluginConfigurationErrors SKIPPED
> Task :core-playback:compileDebugKotlin UP-TO-DATE
> Task :core-playback:javaPreCompileDebug UP-TO-DATE
> Task :core-playback:compileDebugJavaWithJavac NO-SOURCE
> Task :core-playback:bundleLibCompileToJarDebug UP-TO-DATE
> Task :app:compileDebugKotlin UP-TO-DATE
> Task :app:javaPreCompileDebug UP-TO-DATE
> Task :app:compileDebugJavaWithJavac NO-SOURCE
> Task :app:bundleDebugClassesToRuntimeJar UP-TO-DATE
> Task :app:bundleDebugClassesToCompileJar UP-TO-DATE
> Task :app:preDebugUnitTestBuild UP-TO-DATE
> Task :app:javaPreCompileDebugUnitTest UP-TO-DATE
> Task :app:mergeDebugShaders UP-TO-DATE
> Task :app:compileDebugShaders NO-SOURCE
> Task :app:generateDebugAssets UP-TO-DATE
> Task :core-playback:mergeDebugShaders UP-TO-DATE
> Task :core-playback:compileDebugShaders NO-SOURCE
> Task :core-playback:generateDebugAssets UP-TO-DATE
> Task :core-playback:mergeDebugAssets UP-TO-DATE
> Task :app:mergeDebugAssets UP-TO-DATE
> Task :app:packageDebugUnitTestForUnitTest UP-TO-DATE
> Task :app:generateDebugUnitTestConfig UP-TO-DATE
> Task :app:processDebugJavaRes UP-TO-DATE
> Task :core-playback:bundleLibRuntimeToJarDebug UP-TO-DATE
> Task :core-playback:processDebugJavaRes UP-TO-DATE
> Task :core-playback:mergeDebugJniLibFolders UP-TO-DATE
> Task :core-playback:mergeDebugNativeLibs NO-SOURCE
> Task :core-playback:stripDebugDebugSymbols NO-SOURCE
> Task :core-playback:copyDebugJniLibsProjectAndLocalJars UP-TO-DATE
> Task :core-playback:extractDebugAnnotations UP-TO-DATE
> Task :core-playback:extractDeepLinksForAarDebug UP-TO-DATE
> Task :core-playback:mergeDebugGeneratedProguardFiles UP-TO-DATE
> Task :core-playback:mergeDebugConsumerProguardFiles UP-TO-DATE
> Task :core-playback:prepareDebugArtProfile UP-TO-DATE
> Task :core-playback:prepareLintJarForPublish UP-TO-DATE
> Task :core-playback:mergeDebugJavaResource UP-TO-DATE
> Task :core-playback:syncDebugLibJars UP-TO-DATE
> Task :core-playback:bundleDebugLocalLintAar UP-TO-DATE
> Task :app:preDebugAndroidTestBuild SKIPPED
> Task :app:generateDebugAndroidTestResValues UP-TO-DATE
> Task :core-playback:createFullJarDebug UP-TO-DATE
> Task :core-playback:writeDebugLintModelMetadata UP-TO-DATE
> Task :app:generateDebugAndroidTestLintModel
> Task :app:extractProguardFiles UP-TO-DATE
> Task :core-playback:extractProguardFiles UP-TO-DATE
> Task :core-playback:generateDebugLintModel UP-TO-DATE
> Task :app:generateDebugLintReportModel
> Task :app:generateDebugUnitTestLintModel
> Task :core-playback:lintAnalyzeDebug UP-TO-DATE
> Task :app:compileDebugUnitTestKotlin
> Task :app:compileDebugUnitTestJavaWithJavac NO-SOURCE
> Task :app:processDebugUnitTestJavaRes UP-TO-DATE
> Task :app:testDebugUnitTest
> Task :app:lintAnalyzeDebugAndroidTest
> Task :app:lintAnalyzeDebug
> Task :app:lintAnalyzeDebugUnitTest
> Task :core-playback:preDebugAndroidTestBuild UP-TO-DATE
> Task :core-playback:generateDebugAndroidTestResValues UP-TO-DATE
> Task :core-playback:generateDebugAndroidTestLintModel
> Task :core-playback:preDebugUnitTestBuild UP-TO-DATE
> Task :core-playback:generateDebugUnitTestLintModel
> Task :core-playback:lintAnalyzeDebugAndroidTest
> Task :core-playback:lintAnalyzeDebugUnitTest
> Task :core-playback:generateDebugLintReportModel

> Task :core-playback:lintReportDebug
Wrote HTML report to file:///workspace/scratch/c53731def2fc/auralis/core-playback/build/reports/lint-results-debug.html

> Task :core-playback:lintDebug
> Task :app:mergeDebugNativeDebugMetadata NO-SOURCE
> Task :app:compressDebugAssets UP-TO-DATE
> Task :app:desugarDebugFileDependencies UP-TO-DATE
> Task :app:dexBuilderDebug
> Task :app:mergeDebugGlobalSynthetics
> Task :app:mergeDebugJavaResource
> Task :app:checkDebugDuplicateClasses UP-TO-DATE
> Task :app:mergeExtDexDebug UP-TO-DATE
> Task :core-playback:bundleLibRuntimeToDirDebug
> Task :app:mergeLibDexDebug
> Task :app:mergeProjectDexDebug
> Task :app:mergeDebugJniLibFolders
> Task :core-playback:copyDebugJniLibsProjectOnly
> Task :app:mergeDebugNativeLibs

> Task :app:stripDebugDebugSymbols
Unable to strip the following libraries, packaging them as they are: libandroidx.graphics.path.so, libc++_shared.so, libvlc.so, libvlcjni.so. Run with --info option to learn more.

> Task :app:validateSigningDebug
> Task :app:writeDebugAppMetadata
> Task :app:writeDebugSigningConfigVersions
> Task :app:packageDebug
> Task :app:createDebugApkListingFileRedirect
> Task :app:assembleDebug

> Task :app:lintReportDebug
Wrote HTML report to file:///workspace/scratch/c53731def2fc/auralis/app/build/reports/lint-results-debug.html

> Task :app:lintDebug
Persisted dependency lock state for buildscript of root project 'Auralis'
Persisted dependency lock state for project ':app'
Persisted dependency lock state for project ':core-model'
Persisted dependency lock state for project ':core-playback'

BUILD SUCCESSFUL in 1m 46s
99 actionable tasks: 32 executed, 67 up-to-date
